{
  "api_endpoint": "https://fiware.eonerc.rwth-aachen.de/rest/items/{itemName}/state",
  "identifier_key": "name",
  "class_keys": [
    "category",
    "tags"
  ],
  "class_mappings": {
    "AirTemperatureSensor_Equipment": "brick:Air_Temperature_Sensor",
    "CO2Sensor_Equipment": "brick:CO2_Level_Sensor",
    "PresenceSensor_Equipment": "brick:Occupancy_Sensor",
    "CoolingCoil_Equipment": "brick:Cooling_Coil",
    "RadiatorThermostat_Equipment": "brick:Thermostat",
    "FreshAirVentilation_Equipment": "brick:Ventilation_Air_System",
    "Room_Location": "rec:Room",
    "Hotel_Location": "rec:Building",
    "temperature_Setpoint": "brick:Temperature_Setpoint",
    "temperature_Point": "brick:Air_Temperature_Sensor",
    "carbondioxide_Point": "brick:CO2_Level_Sensor",
    "presence_Point": "brick:Occupancy_Sensor",
    "fan_Setpoint": "brick:Fan_Speed_Command",
    "flow_Setpoint": "brick:Air_Flow_Setpoint",
    "outsidetemperature_Point": "brick:Outside_Air_Temperature_Sensor"
  },
  "numerical_properties": [
    "temperature_Setpoint",
    "temperature_Point",
    "carbondioxide_Point",
    "presence_Point",
    "fan_Setpoint",
    "flow_Setpoint",
    "outsidetemperature_Point"
  ],
  "relational_properties": [
    "groupNames"
  ],
  "relational_property_mappings": {
    "groupNames": "brick:isPartOf"
  },
  "extra_nodes": [],
  "extra_node_relation_to_parent": ""
}