{
  "api_endpoint": "https://fiware.eonerc.rwth-aachen.de/v2/entities/{entityId}/attrs/{attrName}/value",
  "identifier_key": "id",
  "class_keys": [
    "type"
  ],
  "class_mappings": {
    "Hotel": "rec:Building",
    "AmbientTemperatureSensor": "brick:Air_Temperature_Sensor",
    "HotelRoom": "rec:Room",
    "TemperatureSensor": "brick:Temperature_Sensor",
    "CO2Sensor": "brick:CO2_Sensor",
    "PresenceSensor": "brick:PIR_Sensor",
    "FreshAirVentilation": "brick:Ventilation_Air_System",
    "RadiatorThermostat": "brick:Thermostat",
    "CoolingCoil": "brick:Cooling_Coil"
  },
  "numerical_properties": [
    "temperatureAmb",
    "temperature",
    "co2",
    "pir",
    "airFlowSetpoint",
    "temperatureSetpoint",
    "fanSpeed"
  ],
  "relational_properties": [
    "hasLocation"
  ],
  "relational_property_mappings": {
    "hasLocation": "brick:hasLocation"
  },
  "extra_nodes": [
    {
      "non_numeric_parent_class": "brick:Ventilation_Air_System",
      "numeric_property": "airFlowSetpoint",
      "mapped_ontology_class": "brick:Air_Flow_Setpoint"
    },
    {
      "non_numeric_parent_class": "brick:Thermostat",
      "numeric_property": "temperatureSetpoint",
      "mapped_ontology_class": "brick:Temperature_Setpoint"
    },
    {
      "non_numeric_parent_class": "brick:Cooling_Coil",
      "numeric_property": "fanSpeed",
      "mapped_ontology_class": "brick:Fan_Speed_Command"
    }
  ],
  "extra_node_relation_to_parent": "brick:isPointOf"
}